2020-04-14 16:48:45,350:DEBUG:adding 10 and 5555 to get 5565
